
============================================================
System: O  N=8  z=8  Nup=4  Ndn=4
Grid:   rc=20  L=400  δ=0.1000  max_bond=1000
============================================================
[SOE] Building MPO... 5.65 s (bond dim=41, K=35)
After sweep 1 energy=8.58169351882371  maxlinkdim=50 maxerr=3.21E-08 time=36.006
After sweep 2 energy=-0.36703666780379673  maxlinkdim=100 maxerr=3.17E-10 time=11.850
After sweep 3 energy=-6.434334339230122  maxlinkdim=200 maxerr=4.33E-12 time=25.227
After sweep 4 energy=-8.131189487125628  maxlinkdim=182 maxerr=1.00E-12 time=26.678
After sweep 5 energy=-9.032627513416548  maxlinkdim=56 maxerr=9.96E-13 time=18.938
After sweep 6 energy=-9.866940072771984  maxlinkdim=41 maxerr=9.98E-13 time=7.015
After sweep 7 energy=-11.27668026889583  maxlinkdim=33 maxerr=9.98E-13 time=6.682
  After ramp-up (7 sweeps): E = -11.2766802688958
After sweep 1 energy=-13.356859214929036  maxlinkdim=37 maxerr=9.97E-13 time=7.074
After sweep 2 energy=-15.107998730655305  maxlinkdim=56 maxerr=1.00E-12 time=7.935
After sweep 3 energy=-16.513496886128536  maxlinkdim=82 maxerr=9.98E-13 time=9.184
After sweep 4 energy=-17.559091562732817  maxlinkdim=111 maxerr=9.98E-13 time=10.428
After sweep 5 energy=-18.937127501510936  maxlinkdim=141 maxerr=9.99E-13 time=11.879
  After 12 sweeps: E = -18.9371275015109  |ΔE| = 7.660e+00
After sweep 1 energy=-19.190719883305576  maxlinkdim=141 maxerr=9.99E-13 time=12.037
After sweep 2 energy=-19.287660791793495  maxlinkdim=119 maxerr=9.99E-13 time=11.038
After sweep 3 energy=-19.361231069080816  maxlinkdim=110 maxerr=9.99E-13 time=9.301
After sweep 4 energy=-19.42766229368246  maxlinkdim=102 maxerr=9.99E-13 time=9.065
After sweep 5 energy=-19.485401684060076  maxlinkdim=91 maxerr=9.98E-13 time=9.349
  After 17 sweeps: E = -19.4854016840601  |ΔE| = 5.483e-01
After sweep 1 energy=-19.547930470386095  maxlinkdim=93 maxerr=9.98E-13 time=8.790
After sweep 2 energy=-19.61096476585979  maxlinkdim=92 maxerr=9.94E-13 time=8.962
After sweep 3 energy=-19.67356790629296  maxlinkdim=92 maxerr=9.99E-13 time=9.041
After sweep 4 energy=-19.74477762395091  maxlinkdim=90 maxerr=9.99E-13 time=9.831
After sweep 5 energy=-19.812821458690593  maxlinkdim=93 maxerr=1.00E-12 time=9.498
  After 22 sweeps: E = -19.8128214586906  |ΔE| = 3.274e-01
After sweep 1 energy=-19.88470390113656  maxlinkdim=94 maxerr=9.98E-13 time=9.734
After sweep 2 energy=-19.958150159323225  maxlinkdim=96 maxerr=9.99E-13 time=10.058
After sweep 3 energy=-20.04446138153341  maxlinkdim=99 maxerr=1.00E-12 time=10.297
After sweep 4 energy=-20.14378416299124  maxlinkdim=102 maxerr=1.00E-12 time=11.161
After sweep 5 energy=-20.33419489934613  maxlinkdim=114 maxerr=1.00E-12 time=11.195
  After 27 sweeps: E = -20.3341948993461  |ΔE| = 5.214e-01
After sweep 1 energy=-20.531162484420207  maxlinkdim=138 maxerr=1.00E-12 time=13.959
After sweep 2 energy=-20.72606847849218  maxlinkdim=151 maxerr=9.99E-13 time=15.812
After sweep 3 energy=-20.90254882393964  maxlinkdim=179 maxerr=9.99E-13 time=18.159
After sweep 4 energy=-21.011695701708845  maxlinkdim=186 maxerr=1.00E-12 time=20.209
After sweep 5 energy=-21.11857089241886  maxlinkdim=219 maxerr=9.99E-13 time=24.897
  After 32 sweeps: E = -21.1185708924189  |ΔE| = 7.844e-01
After sweep 1 energy=-21.24618545253216  maxlinkdim=270 maxerr=9.99E-13 time=30.318
After sweep 2 energy=-21.36232945506302  maxlinkdim=314 maxerr=1.00E-12 time=37.409
After sweep 3 energy=-21.431066365792702  maxlinkdim=331 maxerr=1.00E-12 time=45.214
After sweep 4 energy=-21.468911212689676  maxlinkdim=346 maxerr=1.00E-12 time=52.122
After sweep 5 energy=-21.496529779159914  maxlinkdim=358 maxerr=1.00E-12 time=54.409
  After 37 sweeps: E = -21.4965297791599  |ΔE| = 3.780e-01
After sweep 1 energy=-21.51721620526996  maxlinkdim=360 maxerr=9.98E-13 time=54.482
After sweep 2 energy=-21.5359247951192  maxlinkdim=367 maxerr=1.00E-12 time=57.232
After sweep 3 energy=-21.550453625821206  maxlinkdim=369 maxerr=9.99E-13 time=56.923
After sweep 4 energy=-21.563873174148597  maxlinkdim=377 maxerr=1.00E-12 time=57.815
After sweep 5 energy=-21.575106159851487  maxlinkdim=374 maxerr=9.98E-13 time=59.821
  After 42 sweeps: E = -21.5751061598515  |ΔE| = 7.858e-02
After sweep 1 energy=-21.585517857868524  maxlinkdim=374 maxerr=9.99E-13 time=58.778
After sweep 2 energy=-21.59515598036947  maxlinkdim=374 maxerr=1.00E-12 time=60.614
After sweep 3 energy=-21.605261528846995  maxlinkdim=375 maxerr=9.99E-13 time=62.099
After sweep 4 energy=-21.617219941306274  maxlinkdim=394 maxerr=1.00E-12 time=67.401
After sweep 5 energy=-21.627013682922296  maxlinkdim=398 maxerr=9.98E-13 time=71.001
  After 47 sweeps: E = -21.6270136829223  |ΔE| = 5.191e-02
After sweep 1 energy=-21.636234935887387  maxlinkdim=405 maxerr=1.00E-12 time=73.856
After sweep 2 energy=-21.64523202109197  maxlinkdim=420 maxerr=1.00E-12 time=75.029
After sweep 3 energy=-21.655738540554808  maxlinkdim=451 maxerr=1.00E-12 time=80.746
After sweep 4 energy=-21.669382094996337  maxlinkdim=499 maxerr=1.00E-12 time=94.131
After sweep 5 energy=-21.680648549134162  maxlinkdim=525 maxerr=1.00E-12 time=100.878
  After 52 sweeps: E = -21.6806485491342  |ΔE| = 5.363e-02
After sweep 1 energy=-21.688467845805633  maxlinkdim=558 maxerr=1.00E-12 time=109.275
After sweep 2 energy=-21.6948620515264  maxlinkdim=589 maxerr=1.00E-12 time=117.497
After sweep 3 energy=-21.699481771164074  maxlinkdim=625 maxerr=9.99E-13 time=124.561
After sweep 4 energy=-21.702562448524674  maxlinkdim=643 maxerr=1.00E-12 time=131.500
After sweep 5 energy=-21.7049254382608  maxlinkdim=663 maxerr=1.00E-12 time=141.354
  After 57 sweeps: E = -21.7049254382608  |ΔE| = 2.428e-02
After sweep 1 energy=-21.706677413961387  maxlinkdim=684 maxerr=1.00E-12 time=142.095
After sweep 2 energy=-21.70787873965  maxlinkdim=698 maxerr=1.00E-12 time=150.074
After sweep 3 energy=-21.708772574411967  maxlinkdim=716 maxerr=1.00E-12 time=162.890
After sweep 4 energy=-21.70946478553728  maxlinkdim=726 maxerr=9.99E-13 time=161.026
After sweep 5 energy=-21.710010265600744  maxlinkdim=763 maxerr=1.00E-12 time=168.647
  After 62 sweeps: E = -21.7100102656007  |ΔE| = 5.085e-03
After sweep 1 energy=-21.71038534438628  maxlinkdim=757 maxerr=9.99E-13 time=172.016
After sweep 2 energy=-21.710635944109555  maxlinkdim=766 maxerr=9.99E-13 time=176.906
After sweep 3 energy=-21.710816408937546  maxlinkdim=769 maxerr=1.00E-12 time=176.521
After sweep 4 energy=-21.71093650955902  maxlinkdim=769 maxerr=9.99E-13 time=177.252
After sweep 5 energy=-21.711025948737102  maxlinkdim=774 maxerr=9.99E-13 time=179.667
  After 67 sweeps: E = -21.7110259487371  |ΔE| = 1.016e-03
After sweep 1 energy=-21.711092970387824  maxlinkdim=789 maxerr=1.00E-12 time=191.108
After sweep 2 energy=-21.711141214293946  maxlinkdim=798 maxerr=1.00E-12 time=192.572
After sweep 3 energy=-21.711176288384422  maxlinkdim=822 maxerr=1.00E-12 time=214.362
After sweep 4 energy=-21.711201995440774  maxlinkdim=841 maxerr=1.00E-12 time=232.666
After sweep 5 energy=-21.711220869094433  maxlinkdim=913 maxerr=1.00E-12 time=227.209
  After 72 sweeps: E = -21.7112208690944  |ΔE| = 1.949e-04
After sweep 1 energy=-21.711233296326725  maxlinkdim=877 maxerr=1.00E-12 time=230.585
After sweep 2 energy=-21.711242604137254  maxlinkdim=870 maxerr=9.99E-13 time=223.384
After sweep 3 energy=-21.71125104905508  maxlinkdim=905 maxerr=1.00E-12 time=219.635
After sweep 4 energy=-21.711258716159875  maxlinkdim=890 maxerr=1.00E-12 time=232.811
After sweep 5 energy=-21.711266413418713  maxlinkdim=940 maxerr=9.99E-13 time=235.907
  After 77 sweeps: E = -21.7112664134187  |ΔE| = 4.554e-05
After sweep 1 energy=-21.711273619894655  maxlinkdim=917 maxerr=9.99E-13 time=242.313
After sweep 2 energy=-21.711281201960958  maxlinkdim=932 maxerr=1.00E-12 time=248.248
After sweep 3 energy=-21.71128823640899  maxlinkdim=939 maxerr=1.00E-12 time=252.859
After sweep 4 energy=-21.71129552771913  maxlinkdim=956 maxerr=1.00E-12 time=255.328
After sweep 5 energy=-21.71130342209412  maxlinkdim=962 maxerr=1.00E-12 time=266.477
  After 82 sweeps: E = -21.7113034220941  |ΔE| = 3.701e-05
After sweep 1 energy=-21.711311522286422  maxlinkdim=967 maxerr=1.00E-12 time=260.635
After sweep 2 energy=-21.71131899556346  maxlinkdim=980 maxerr=1.00E-12 time=258.582
After sweep 3 energy=-21.711326522077485  maxlinkdim=971 maxerr=9.99E-13 time=267.059
After sweep 4 energy=-21.711334413632017  maxlinkdim=978 maxerr=1.00E-12 time=270.064
After sweep 5 energy=-21.711342121825282  maxlinkdim=975 maxerr=1.00E-12 time=270.088
  After 87 sweeps: E = -21.7113421218253  |ΔE| = 3.870e-05
After sweep 1 energy=-21.711349580938588  maxlinkdim=984 maxerr=1.00E-12 time=273.534
After sweep 2 energy=-21.711356927116185  maxlinkdim=993 maxerr=9.99E-13 time=276.264
After sweep 3 energy=-21.711364694815074  maxlinkdim=1000 maxerr=1.02E-12 time=274.412
After sweep 4 energy=-21.71137223103773  maxlinkdim=1000 maxerr=1.33E-12 time=280.169
After sweep 5 energy=-21.71138021905375  maxlinkdim=1000 maxerr=1.91E-12 time=291.220
  After 92 sweeps: E = -21.7113802190538  |ΔE| = 3.810e-05
After sweep 1 energy=-21.7113882932141  maxlinkdim=1000 maxerr=2.94E-12 time=306.005
After sweep 2 energy=-21.71139623661543  maxlinkdim=1000 maxerr=4.63E-12 time=299.302
After sweep 3 energy=-21.711404208697758  maxlinkdim=1000 maxerr=2.53E-12 time=306.608
After sweep 4 energy=-21.71141193109696  maxlinkdim=1000 maxerr=2.72E-12 time=300.673
After sweep 5 energy=-21.71141935922222  maxlinkdim=1000 maxerr=3.98E-12 time=297.450
  After 97 sweeps: E = -21.7114193592222  |ΔE| = 3.914e-05
After sweep 1 energy=-21.71142662125891  maxlinkdim=1000 maxerr=3.12E-12 time=309.700
After sweep 2 energy=-21.71143405281245  maxlinkdim=1000 maxerr=3.27E-12 time=304.774
After sweep 3 energy=-21.71144209677493  maxlinkdim=1000 maxerr=2.59E-12 time=304.675
After sweep 4 energy=-21.71145001789941  maxlinkdim=1000 maxerr=3.75E-12 time=318.634
After sweep 5 energy=-21.711457581051377  maxlinkdim=1000 maxerr=2.74E-12 time=313.251
  After 102 sweeps: E = -21.7114575810514  |ΔE| = 3.822e-05
After sweep 1 energy=-21.71146490221335  maxlinkdim=1000 maxerr=2.46E-12 time=303.392
After sweep 2 energy=-21.711472747987273  maxlinkdim=1000 maxerr=2.36E-12 time=310.062
After sweep 3 energy=-21.71148025658144  maxlinkdim=1000 maxerr=2.71E-12 time=309.053
After sweep 4 energy=-21.71148785816922  maxlinkdim=1000 maxerr=3.29E-12 time=325.293
After sweep 5 energy=-21.711495242045828  maxlinkdim=1000 maxerr=3.14E-12 time=308.087
  After 107 sweeps: E = -21.7114952420458  |ΔE| = 3.766e-05
After sweep 1 energy=-21.71150294881042  maxlinkdim=1000 maxerr=6.22E-12 time=308.098
After sweep 2 energy=-21.711510223451484  maxlinkdim=1000 maxerr=3.45E-12 time=306.903
After sweep 3 energy=-21.71151764435797  maxlinkdim=1000 maxerr=4.62E-12 time=305.336
After sweep 4 energy=-21.711524934794483  maxlinkdim=1000 maxerr=5.90E-12 time=308.375
After sweep 5 energy=-21.711532285001084  maxlinkdim=1000 maxerr=5.99E-12 time=310.571
  After 112 sweeps: E = -21.7115322850011  |ΔE| = 3.704e-05
After sweep 1 energy=-21.711539475485694  maxlinkdim=1000 maxerr=8.16E-12 time=320.589
After sweep 2 energy=-21.711546778610085  maxlinkdim=1000 maxerr=8.28E-12 time=318.939
After sweep 3 energy=-21.71155418058902  maxlinkdim=1000 maxerr=1.39E-11 time=317.340
After sweep 4 energy=-21.71156156012151  maxlinkdim=1000 maxerr=1.53E-11 time=321.841
After sweep 5 energy=-21.711568661788164  maxlinkdim=1000 maxerr=7.54E-12 time=308.823
  After 117 sweeps: E = -21.7115686617882  |ΔE| = 3.638e-05
After sweep 1 energy=-21.711575847511966  maxlinkdim=1000 maxerr=5.70E-12 time=302.454
After sweep 2 energy=-21.711582819662908  maxlinkdim=1000 maxerr=6.96E-12 time=303.576
After sweep 3 energy=-21.711590175607057  maxlinkdim=1000 maxerr=1.96E-11 time=308.142
After sweep 4 energy=-21.711598045819017  maxlinkdim=1000 maxerr=1.09E-11 time=317.757
After sweep 5 energy=-21.71160493744111  maxlinkdim=1000 maxerr=8.06E-12 time=323.326
  After 122 sweeps: E = -21.7116049374411  |ΔE| = 3.628e-05
After sweep 1 energy=-21.711612137247926  maxlinkdim=1000 maxerr=7.44E-12 time=317.997
After sweep 2 energy=-21.711619150745065  maxlinkdim=1000 maxerr=4.60E-11 time=300.125
After sweep 3 energy=-21.71162581697905  maxlinkdim=1000 maxerr=7.65E-12 time=302.821
After sweep 4 energy=-21.71163276061563  maxlinkdim=1000 maxerr=1.91E-11 time=306.298
After sweep 5 energy=-21.711639125304202  maxlinkdim=1000 maxerr=9.10E-12 time=302.657
  After 127 sweeps: E = -21.7116391253042  |ΔE| = 3.419e-05
After sweep 1 energy=-21.71164529606847  maxlinkdim=1000 maxerr=5.73E-12 time=304.134
After sweep 2 energy=-21.711651898819667  maxlinkdim=1000 maxerr=8.22E-12 time=306.024
After sweep 3 energy=-21.711659098676307  maxlinkdim=1000 maxerr=8.50E-12 time=315.305
After sweep 4 energy=-21.711665681763037  maxlinkdim=1000 maxerr=6.53E-12 time=305.975
After sweep 5 energy=-21.71167208942643  maxlinkdim=1000 maxerr=5.24E-12 time=313.694
  After 132 sweeps: E = -21.7116720894264  |ΔE| = 3.296e-05
After sweep 1 energy=-21.711678535161383  maxlinkdim=1000 maxerr=5.43E-12 time=326.245
After sweep 2 energy=-21.71168537238117  maxlinkdim=1000 maxerr=4.80E-12 time=321.737
After sweep 3 energy=-21.711691903158993  maxlinkdim=1000 maxerr=4.84E-12 time=323.838
After sweep 4 energy=-21.71169858113018  maxlinkdim=1000 maxerr=4.83E-12 time=311.399
After sweep 5 energy=-21.711705341394833  maxlinkdim=1000 maxerr=4.49E-12 time=320.237
  After 137 sweeps: E = -21.7117053413948  |ΔE| = 3.325e-05
After sweep 1 energy=-21.711712205863876  maxlinkdim=1000 maxerr=5.05E-12 time=333.643
After sweep 2 energy=-21.711718465994835  maxlinkdim=1000 maxerr=4.66E-12 time=324.201
After sweep 3 energy=-21.711724949452986  maxlinkdim=1000 maxerr=4.88E-12 time=315.180
After sweep 4 energy=-21.711731415838614  maxlinkdim=1000 maxerr=5.09E-12 time=326.390
After sweep 5 energy=-21.711737751260586  maxlinkdim=1000 maxerr=5.15E-12 time=319.750
  After 142 sweeps: E = -21.7117377512606  |ΔE| = 3.241e-05
After sweep 1 energy=-21.711744301502762  maxlinkdim=1000 maxerr=8.09E-12 time=310.056
After sweep 2 energy=-21.711750451548852  maxlinkdim=1000 maxerr=5.17E-12 time=315.392
After sweep 3 energy=-21.711757977537246  maxlinkdim=1000 maxerr=5.34E-12 time=327.725
After sweep 4 energy=-21.711764720732674  maxlinkdim=1000 maxerr=5.30E-12 time=331.121
After sweep 5 energy=-21.711771244350246  maxlinkdim=1000 maxerr=6.96E-12 time=338.835
  After 147 sweeps: E = -21.7117712443502  |ΔE| = 3.349e-05
After sweep 1 energy=-21.71177747277423  maxlinkdim=1000 maxerr=5.85E-12 time=328.399
After sweep 2 energy=-21.711783331387295  maxlinkdim=1000 maxerr=5.80E-12 time=332.615
After sweep 3 energy=-21.711789393949687  maxlinkdim=1000 maxerr=8.54E-12 time=337.088
After sweep 4 energy=-21.71179527570996  maxlinkdim=1000 maxerr=7.94E-12 time=344.090
After sweep 5 energy=-21.71180093004824  maxlinkdim=1000 maxerr=6.13E-12 time=328.142
  After 152 sweeps: E = -21.7118009300482  |ΔE| = 2.969e-05
After sweep 1 energy=-21.711806640773233  maxlinkdim=1000 maxerr=5.32E-12 time=334.012
After sweep 2 energy=-21.711812317178925  maxlinkdim=1000 maxerr=5.95E-12 time=339.853
After sweep 3 energy=-21.711817787494994  maxlinkdim=1000 maxerr=5.43E-12 time=335.220
After sweep 4 energy=-21.711823956069026  maxlinkdim=1000 maxerr=5.94E-12 time=335.023
After sweep 5 energy=-21.711830366688133  maxlinkdim=1000 maxerr=5.45E-12 time=336.787
  After 157 sweeps: E = -21.7118303666881  |ΔE| = 2.944e-05
After sweep 1 energy=-21.711836160244502  maxlinkdim=1000 maxerr=6.89E-12 time=331.012
After sweep 2 energy=-21.71184227571368  maxlinkdim=1000 maxerr=6.20E-12 time=332.399
After sweep 3 energy=-21.71184766913501  maxlinkdim=1000 maxerr=5.93E-12 time=334.658
After sweep 4 energy=-21.711853521205626  maxlinkdim=1000 maxerr=6.53E-12 time=335.359
After sweep 5 energy=-21.71185955571582  maxlinkdim=1000 maxerr=7.39E-12 time=337.058
  After 162 sweeps: E = -21.7118595557158  |ΔE| = 2.919e-05
After sweep 1 energy=-21.711865019713798  maxlinkdim=1000 maxerr=8.01E-12 time=338.339
After sweep 2 energy=-21.711870658744914  maxlinkdim=1000 maxerr=7.85E-12 time=335.031
After sweep 3 energy=-21.711875980288823  maxlinkdim=1000 maxerr=6.04E-12 time=339.742
After sweep 4 energy=-21.711880992810563  maxlinkdim=1000 maxerr=6.10E-12 time=332.322
After sweep 5 energy=-21.71188622732214  maxlinkdim=1000 maxerr=5.55E-12 time=331.272
  After 167 sweeps: E = -21.7118862273221  |ΔE| = 2.667e-05
After sweep 1 energy=-21.71189216945359  maxlinkdim=1000 maxerr=6.49E-12 time=334.740
After sweep 2 energy=-21.711897421908077  maxlinkdim=1000 maxerr=5.71E-12 time=341.202
After sweep 3 energy=-21.711902252353184  maxlinkdim=1000 maxerr=5.71E-12 time=337.987
After sweep 4 energy=-21.71190739733501  maxlinkdim=1000 maxerr=5.94E-12 time=342.629
After sweep 5 energy=-21.711912347838506  maxlinkdim=1000 maxerr=6.04E-12 time=343.819
  After 172 sweeps: E = -21.7119123478385  |ΔE| = 2.612e-05
After sweep 1 energy=-21.71191709152592  maxlinkdim=1000 maxerr=6.08E-12 time=340.386
After sweep 2 energy=-21.711921943332896  maxlinkdim=1000 maxerr=6.25E-12 time=339.608
After sweep 3 energy=-21.711926787550283  maxlinkdim=1000 maxerr=6.29E-12 time=341.961
After sweep 4 energy=-21.711932459555015  maxlinkdim=1000 maxerr=6.05E-12 time=341.067
After sweep 5 energy=-21.711937309039513  maxlinkdim=1000 maxerr=6.39E-12 time=333.348
  After 177 sweeps: E = -21.7119373090395  |ΔE| = 2.496e-05
After sweep 1 energy=-21.711942282299674  maxlinkdim=1000 maxerr=6.97E-12 time=359.209
After sweep 2 energy=-21.711946803347814  maxlinkdim=1000 maxerr=6.53E-12 time=360.449
After sweep 3 energy=-21.711951547294802  maxlinkdim=1000 maxerr=6.29E-12 time=343.976
After sweep 4 energy=-21.711956097797753  maxlinkdim=1000 maxerr=6.91E-12 time=345.589
After sweep 5 energy=-21.71196049746038  maxlinkdim=1000 maxerr=6.87E-12 time=342.009
  After 182 sweeps: E = -21.7119604974604  |ΔE| = 2.319e-05
After sweep 1 energy=-21.71196501293295  maxlinkdim=1000 maxerr=6.86E-12 time=344.321
After sweep 2 energy=-21.71196955075854  maxlinkdim=1000 maxerr=6.53E-12 time=343.365
After sweep 3 energy=-21.711973822163714  maxlinkdim=1000 maxerr=6.15E-12 time=344.099
After sweep 4 energy=-21.711978063558234  maxlinkdim=1000 maxerr=6.48E-12 time=340.224
After sweep 5 energy=-21.711982236418436  maxlinkdim=1000 maxerr=6.06E-12 time=350.971
  After 187 sweeps: E = -21.7119822364184  |ΔE| = 2.174e-05
After sweep 1 energy=-21.71198674939143  maxlinkdim=1000 maxerr=9.10E-12 time=348.543
After sweep 2 energy=-21.71199084208763  maxlinkdim=1000 maxerr=7.92E-12 time=345.607
After sweep 3 energy=-21.711994814253217  maxlinkdim=1000 maxerr=7.13E-12 time=345.658
After sweep 4 energy=-21.711998840927976  maxlinkdim=1000 maxerr=1.08E-11 time=339.107
After sweep 5 energy=-21.712003014214872  maxlinkdim=1000 maxerr=7.56E-12 time=350.697
  After 192 sweeps: E = -21.7120030142149  |ΔE| = 2.078e-05
After sweep 1 energy=-21.712007262465477  maxlinkdim=1000 maxerr=7.77E-12 time=357.382
After sweep 2 energy=-21.712011381508546  maxlinkdim=1000 maxerr=9.30E-12 time=352.681
After sweep 3 energy=-21.712015592586738  maxlinkdim=1000 maxerr=8.32E-12 time=347.587
After sweep 4 energy=-21.712019621198067  maxlinkdim=1000 maxerr=8.59E-12 time=352.056
After sweep 5 energy=-21.71202331562486  maxlinkdim=1000 maxerr=9.05E-12 time=347.009
  After 197 sweeps: E = -21.7120233156249  |ΔE| = 2.030e-05
After sweep 1 energy=-21.71202739350585  maxlinkdim=1000 maxerr=9.40E-12 time=348.922
After sweep 2 energy=-21.71203129790021  maxlinkdim=1000 maxerr=8.67E-12 time=352.806
After sweep 3 energy=-21.712035176023022  maxlinkdim=1000 maxerr=8.22E-12 time=351.824
After sweep 4 energy=-21.712038812443183  maxlinkdim=1000 maxerr=7.92E-12 time=350.754
After sweep 5 energy=-21.712042545579862  maxlinkdim=1000 maxerr=7.72E-12 time=348.897
  After 202 sweeps: E = -21.7120425455799  |ΔE| = 1.923e-05
46493.494189 seconds (13.72 G allocations: 78.673 TiB, 28.04% gc time, 1.31% compilation time: <1% of which was recompilation)

O  E = -21.7120425455799   ref = -21.6995705618072   err = -1.247e-02
